<?xml version="1.0" encoding="ISO-8859-1" ?>
<link_info>
   <banner>TI ARM Linker PC v20.2.7.LTS</banner>
   <copyright>Copyright (c) 1996-2018 Texas Instruments Incorporated</copyright>
   <link_time>0x66286523</link_time>
   <link_errors>0x0</link_errors>
   <output_file>FreeRTOSProject.out</output_file>
   <entry_point>
      <name>_c_int00_noargs</name>
      <address>0x5c89</address>
   </entry_point>
   <input_file_list>
      <input_file id="fl-2">
         <path>.\</path>
         <kind>object</kind>
         <file>main.obj</file>
         <name>main.obj</name>
      </input_file>
      <input_file id="fl-3">
         <path>.\</path>
         <kind>object</kind>
         <file>tm4c123gh6pm_startup_ccs.obj</file>
         <name>tm4c123gh6pm_startup_ccs.obj</name>
      </input_file>
      <input_file id="fl-4">
         <path>.\FreeRTOS\Source\</path>
         <kind>object</kind>
         <file>event_groups.obj</file>
         <name>event_groups.obj</name>
      </input_file>
      <input_file id="fl-5">
         <path>.\FreeRTOS\Source\</path>
         <kind>object</kind>
         <file>list.obj</file>
         <name>list.obj</name>
      </input_file>
      <input_file id="fl-6">
         <path>.\FreeRTOS\Source\</path>
         <kind>object</kind>
         <file>queue.obj</file>
         <name>queue.obj</name>
      </input_file>
      <input_file id="fl-7">
         <path>.\FreeRTOS\Source\</path>
         <kind>object</kind>
         <file>tasks.obj</file>
         <name>tasks.obj</name>
      </input_file>
      <input_file id="fl-8">
         <path>.\FreeRTOS\Source\</path>
         <kind>object</kind>
         <file>timers.obj</file>
         <name>timers.obj</name>
      </input_file>
      <input_file id="fl-9">
         <path>.\FreeRTOS\Source\portable\CCS\ARM_CM4F\</path>
         <kind>object</kind>
         <file>port.obj</file>
         <name>port.obj</name>
      </input_file>
      <input_file id="fl-a">
         <path>.\FreeRTOS\Source\portable\CCS\ARM_CM4F\</path>
         <kind>object</kind>
         <file>portasm.obj</file>
         <name>portasm.obj</name>
      </input_file>
      <input_file id="fl-b">
         <path>.\FreeRTOS\Source\portable\MemMang\</path>
         <kind>object</kind>
         <file>heap_1.obj</file>
         <name>heap_1.obj</name>
      </input_file>
      <input_file id="fl-c">
         <path>.\HAL\</path>
         <kind>object</kind>
         <file>potentiometer.obj</file>
         <name>potentiometer.obj</name>
      </input_file>
      <input_file id="fl-d">
         <path>.\MCAL\ADC\</path>
         <kind>object</kind>
         <file>adc.obj</file>
         <name>adc.obj</name>
      </input_file>
      <input_file id="fl-e">
         <path>.\MCAL\GPIO\</path>
         <kind>object</kind>
         <file>gpio.obj</file>
         <name>gpio.obj</name>
      </input_file>
      <input_file id="fl-f">
         <path>.\MCAL\GPTM\</path>
         <kind>object</kind>
         <file>GPTM.obj</file>
         <name>GPTM.obj</name>
      </input_file>
      <input_file id="fl-10">
         <path>.\MCAL\UART\</path>
         <kind>object</kind>
         <file>uart0.obj</file>
         <name>uart0.obj</name>
      </input_file>
      <input_file id="fl-14">
         <kind>object</kind>
         <file>&lt;internal&gt;</file>
         <name>&lt;internal&gt;</name>
      </input_file>
      <input_file id="fl-ca">
         <path>C:\ti\ccs1250\ccs\tools\compiler\ti-cgt-arm_20.2.7.LTS\lib\</path>
         <kind>archive</kind>
         <file>rtsv7M4_T_le_v4SPD16_eabi.lib</file>
         <name>memcpy_t2.asm.obj</name>
      </input_file>
      <input_file id="fl-cb">
         <path>C:\ti\ccs1250\ccs\tools\compiler\ti-cgt-arm_20.2.7.LTS\lib\</path>
         <kind>archive</kind>
         <file>rtsv7M4_T_le_v4SPD16_eabi.lib</file>
         <name>memset_t2.asm.obj</name>
      </input_file>
      <input_file id="fl-cc">
         <path>C:\ti\ccs1250\ccs\tools\compiler\ti-cgt-arm_20.2.7.LTS\lib\</path>
         <kind>archive</kind>
         <file>rtsv7M4_T_le_v4SPD16_eabi.lib</file>
         <name>ll_div_t2.asm.obj</name>
      </input_file>
      <input_file id="fl-cd">
         <path>C:\ti\ccs1250\ccs\tools\compiler\ti-cgt-arm_20.2.7.LTS\lib\</path>
         <kind>archive</kind>
         <file>rtsv7M4_T_le_v4SPD16_eabi.lib</file>
         <name>ull_div_t2.asm.obj</name>
      </input_file>
      <input_file id="fl-ce">
         <path>C:\ti\ccs1250\ccs\tools\compiler\ti-cgt-arm_20.2.7.LTS\lib\</path>
         <kind>archive</kind>
         <file>rtsv7M4_T_le_v4SPD16_eabi.lib</file>
         <name>copy_zero_init.c.obj</name>
      </input_file>
      <input_file id="fl-cf">
         <path>C:\ti\ccs1250\ccs\tools\compiler\ti-cgt-arm_20.2.7.LTS\lib\</path>
         <kind>archive</kind>
         <file>rtsv7M4_T_le_v4SPD16_eabi.lib</file>
         <name>copy_decompress_none.c.obj</name>
      </input_file>
      <input_file id="fl-d0">
         <path>C:\ti\ccs1250\ccs\tools\compiler\ti-cgt-arm_20.2.7.LTS\lib\</path>
         <kind>archive</kind>
         <file>rtsv7M4_T_le_v4SPD16_eabi.lib</file>
         <name>copy_decompress_lzss.c.obj</name>
      </input_file>
      <input_file id="fl-d1">
         <path>C:\ti\ccs1250\ccs\tools\compiler\ti-cgt-arm_20.2.7.LTS\lib\</path>
         <kind>archive</kind>
         <file>rtsv7M4_T_le_v4SPD16_eabi.lib</file>
         <name>boot_cortex_m.c.obj</name>
      </input_file>
      <input_file id="fl-d2">
         <path>C:\ti\ccs1250\ccs\tools\compiler\ti-cgt-arm_20.2.7.LTS\lib\</path>
         <kind>archive</kind>
         <file>rtsv7M4_T_le_v4SPD16_eabi.lib</file>
         <name>div0.asm.obj</name>
      </input_file>
      <input_file id="fl-d3">
         <path>C:\ti\ccs1250\ccs\tools\compiler\ti-cgt-arm_20.2.7.LTS\lib\</path>
         <kind>archive</kind>
         <file>rtsv7M4_T_le_v4SPD16_eabi.lib</file>
         <name>autoinit.c.obj</name>
      </input_file>
      <input_file id="fl-d4">
         <path>C:\ti\ccs1250\ccs\tools\compiler\ti-cgt-arm_20.2.7.LTS\lib\</path>
         <kind>archive</kind>
         <file>rtsv7M4_T_le_v4SPD16_eabi.lib</file>
         <name>pre_init.c.obj</name>
      </input_file>
      <input_file id="fl-d5">
         <path>C:\ti\ccs1250\ccs\tools\compiler\ti-cgt-arm_20.2.7.LTS\lib\</path>
         <kind>archive</kind>
         <file>rtsv7M4_T_le_v4SPD16_eabi.lib</file>
         <name>cpy_tbl.c.obj</name>
      </input_file>
      <input_file id="fl-d6">
         <path>C:\ti\ccs1250\ccs\tools\compiler\ti-cgt-arm_20.2.7.LTS\lib\</path>
         <kind>archive</kind>
         <file>rtsv7M4_T_le_v4SPD16_eabi.lib</file>
         <name>exit.c.obj</name>
      </input_file>
      <input_file id="fl-d7">
         <path>C:\ti\ccs1250\ccs\tools\compiler\ti-cgt-arm_20.2.7.LTS\lib\</path>
         <kind>archive</kind>
         <file>rtsv7M4_T_le_v4SPD16_eabi.lib</file>
         <name>_lock.c.obj</name>
      </input_file>
      <input_file id="fl-d8">
         <path>C:\ti\ccs1250\ccs\tools\compiler\ti-cgt-arm_20.2.7.LTS\lib\</path>
         <kind>archive</kind>
         <file>rtsv7M4_T_le_v4SPD16_eabi.lib</file>
         <name>args_main.c.obj</name>
      </input_file>
   </input_file_list>
   <object_component_list>
      <object_component id="oc-12">
         <name>.intvecs</name>
         <load_address>0x0</load_address>
         <run_address>0x0</run_address>
         <size>0x26c</size>
         <input_file_ref idref="fl-3"/>
      </object_component>
      <object_component id="oc-85">
         <name>.text</name>
         <load_address>0x26c</load_address>
         <run_address>0x26c</run_address>
         <size>0x21fc</size>
         <input_file_ref idref="fl-7"/>
      </object_component>
      <object_component id="oc-a6">
         <name>.text</name>
         <load_address>0x2468</load_address>
         <run_address>0x2468</run_address>
         <size>0x1052</size>
         <input_file_ref idref="fl-6"/>
      </object_component>
      <object_component id="oc-254">
         <name>.text</name>
         <load_address>0x34ba</load_address>
         <run_address>0x34ba</run_address>
         <size>0x2</size>
         <input_file_ref idref="fl-d2"/>
      </object_component>
      <object_component id="oc-38">
         <name>.text</name>
         <load_address>0x34bc</load_address>
         <run_address>0x34bc</run_address>
         <size>0xdac</size>
         <input_file_ref idref="fl-2"/>
      </object_component>
      <object_component id="oc-e8">
         <name>.text</name>
         <load_address>0x4268</load_address>
         <run_address>0x4268</run_address>
         <size>0x7bc</size>
         <input_file_ref idref="fl-8"/>
      </object_component>
      <object_component id="oc-a0">
         <name>.text</name>
         <load_address>0x4a24</load_address>
         <run_address>0x4a24</run_address>
         <size>0x4fe</size>
         <input_file_ref idref="fl-4"/>
      </object_component>
      <object_component id="oc-32">
         <name>.text</name>
         <load_address>0x4f24</load_address>
         <run_address>0x4f24</run_address>
         <size>0x2b0</size>
         <input_file_ref idref="fl-9"/>
      </object_component>
      <object_component id="oc-b2">
         <name>.text</name>
         <load_address>0x51d4</load_address>
         <run_address>0x51d4</run_address>
         <size>0x1dc</size>
         <input_file_ref idref="fl-e"/>
      </object_component>
      <object_component id="oc-ac">
         <name>.text</name>
         <load_address>0x53b0</load_address>
         <run_address>0x53b0</run_address>
         <size>0x1c8</size>
         <input_file_ref idref="fl-10"/>
      </object_component>
      <object_component id="oc-142">
         <name>.text</name>
         <load_address>0x5578</load_address>
         <run_address>0x5578</run_address>
         <size>0x12a</size>
         <input_file_ref idref="fl-5"/>
      </object_component>
      <object_component id="oc-2d">
         <name>.text</name>
         <load_address>0x56a4</load_address>
         <run_address>0x56a4</run_address>
         <size>0xda</size>
         <input_file_ref idref="fl-a"/>
      </object_component>
      <object_component id="oc-be">
         <name>.text</name>
         <load_address>0x5780</load_address>
         <run_address>0x5780</run_address>
         <size>0xd4</size>
         <input_file_ref idref="fl-d"/>
      </object_component>
      <object_component id="oc-13c">
         <name>.text</name>
         <load_address>0x5854</load_address>
         <run_address>0x5854</run_address>
         <size>0xd0</size>
         <input_file_ref idref="fl-b"/>
      </object_component>
      <object_component id="oc-4c">
         <name>.text</name>
         <load_address>0x5924</load_address>
         <run_address>0x5924</run_address>
         <size>0x9c</size>
         <input_file_ref idref="fl-ca"/>
      </object_component>
      <object_component id="oc-259">
         <name>.text</name>
         <load_address>0x59c0</load_address>
         <run_address>0x59c0</run_address>
         <size>0x96</size>
         <input_file_ref idref="fl-cd"/>
      </object_component>
      <object_component id="oc-11a">
         <name>.text</name>
         <load_address>0x5a56</load_address>
         <run_address>0x5a56</run_address>
         <size>0x7a</size>
         <input_file_ref idref="fl-cb"/>
      </object_component>
      <object_component id="oc-193">
         <name>.text</name>
         <load_address>0x5ad0</load_address>
         <run_address>0x5ad0</run_address>
         <size>0x6e</size>
         <input_file_ref idref="fl-cc"/>
      </object_component>
      <object_component id="oc-15">
         <name>.text:decompress:lzss:__TI_decompress_lzss</name>
         <load_address>0x5b3e</load_address>
         <run_address>0x5b3e</run_address>
         <size>0x68</size>
         <input_file_ref idref="fl-d0"/>
      </object_component>
      <object_component id="oc-b8">
         <name>.text</name>
         <load_address>0x5ba8</load_address>
         <run_address>0x5ba8</run_address>
         <size>0x54</size>
         <input_file_ref idref="fl-f"/>
      </object_component>
      <object_component id="oc-d3">
         <name>.text</name>
         <load_address>0x5bfc</load_address>
         <run_address>0x5bfc</run_address>
         <size>0x48</size>
         <input_file_ref idref="fl-c"/>
      </object_component>
      <object_component id="oc-1e9">
         <name>.text:__TI_auto_init_nobinit_nopinit:__TI_auto_init_nobinit_nopinit</name>
         <load_address>0x5c44</load_address>
         <run_address>0x5c44</run_address>
         <size>0x44</size>
         <input_file_ref idref="fl-d3"/>
      </object_component>
      <object_component id="oc-6a">
         <name>.text:_c_int00_noargs:_c_int00_noargs</name>
         <load_address>0x5c88</load_address>
         <run_address>0x5c88</run_address>
         <size>0x34</size>
         <input_file_ref idref="fl-d1"/>
      </object_component>
      <object_component id="oc-1b">
         <name>.text:decompress:none:__TI_decompress_none</name>
         <load_address>0x5cbc</load_address>
         <run_address>0x5cbc</run_address>
         <size>0xe</size>
         <input_file_ref idref="fl-cf"/>
      </object_component>
      <object_component id="oc-5e">
         <name>.text:decompress:ZI:__TI_zero_init</name>
         <load_address>0x5cca</load_address>
         <run_address>0x5cca</run_address>
         <size>0xc</size>
         <input_file_ref idref="fl-ce"/>
      </object_component>
      <object_component id="oc-27">
         <name>.text</name>
         <load_address>0x5cd6</load_address>
         <run_address>0x5cd6</run_address>
         <size>0xc</size>
         <input_file_ref idref="fl-3"/>
      </object_component>
      <object_component id="oc-120">
         <name>.text:_system_pre_init</name>
         <load_address>0x5ce2</load_address>
         <run_address>0x5ce2</run_address>
         <size>0x4</size>
         <input_file_ref idref="fl-d4"/>
      </object_component>
      <object_component id="oc-1dd">
         <name>.text:abort:abort</name>
         <load_address>0x5ce6</load_address>
         <run_address>0x5ce6</run_address>
         <size>0x4</size>
         <input_file_ref idref="fl-d6"/>
      </object_component>
      <object_component id="oc-82">
         <name>.const</name>
         <load_address>0x5cec</load_address>
         <run_address>0x5cec</run_address>
         <size>0x8</size>
         <input_file_ref idref="fl-9"/>
      </object_component>
      <object_component id="oc-155">
         <name>.const</name>
         <load_address>0x5cf4</load_address>
         <run_address>0x5cf4</run_address>
         <size>0x4</size>
         <input_file_ref idref="fl-7"/>
      </object_component>
      <object_component id="oc-2f0">
         <name>.cinit..data.load</name>
         <load_address>0x5cf8</load_address>
         <run_address>0x5cf8</run_address>
         <size>0x13</size>
      </object_component>
      <object_component id="oc-2ee">
         <name>__TI_handler_table</name>
         <load_address>0x5d0c</load_address>
         <run_address>0x5d0c</run_address>
         <size>0xc</size>
      </object_component>
      <object_component id="oc-2f1">
         <name>.cinit..bss.load</name>
         <load_address>0x5d18</load_address>
         <run_address>0x5d18</run_address>
         <size>0x8</size>
      </object_component>
      <object_component id="oc-2ef">
         <name>__TI_cinit_table</name>
         <load_address>0x5d20</load_address>
         <run_address>0x5d20</run_address>
         <size>0x10</size>
      </object_component>
      <object_component id="oc-e0">
         <name>.data</name>
         <load_address>0x2000206c</load_address>
         <run_address>0x2000206c</run_address>
         <size>0x2</size>
         <input_file_ref idref="fl-2"/>
      </object_component>
      <object_component id="oc-db">
         <name>.data:ullResourceLockimeIn</name>
         <load_address>0x20002024</load_address>
         <run_address>0x20002024</run_address>
         <size>0x14</size>
         <input_file_ref idref="fl-2"/>
      </object_component>
      <object_component id="oc-e3">
         <name>.data:ullResourceLockimeOut</name>
         <load_address>0x20002038</load_address>
         <run_address>0x20002038</run_address>
         <size>0x14</size>
         <input_file_ref idref="fl-2"/>
      </object_component>
      <object_component id="oc-7f">
         <name>.data</name>
         <load_address>0x20001ff0</load_address>
         <run_address>0x20001ff0</run_address>
         <size>0x34</size>
         <input_file_ref idref="fl-7"/>
      </object_component>
      <object_component id="oc-1b5">
         <name>.data</name>
         <load_address>0x20002058</load_address>
         <run_address>0x20002058</run_address>
         <size>0xc</size>
         <input_file_ref idref="fl-8"/>
      </object_component>
      <object_component id="oc-8c">
         <name>.data</name>
         <load_address>0x2000204c</load_address>
         <run_address>0x2000204c</run_address>
         <size>0xc</size>
         <input_file_ref idref="fl-9"/>
      </object_component>
      <object_component id="oc-22c">
         <name>.data</name>
         <load_address>0x20002064</load_address>
         <run_address>0x20002064</run_address>
         <size>0x8</size>
         <input_file_ref idref="fl-b"/>
      </object_component>
      <object_component id="oc-148">
         <name>.bss:pxReadyTasksLists</name>
         <uninitialized>true</uninitialized>
         <run_address>0x20001c00</run_address>
         <size>0x64</size>
         <input_file_ref idref="fl-7"/>
      </object_component>
      <object_component id="oc-15c">
         <name>.bss:xDelayedTaskList1</name>
         <uninitialized>true</uninitialized>
         <run_address>0x20001d3c</run_address>
         <size>0x14</size>
         <input_file_ref idref="fl-7"/>
      </object_component>
      <object_component id="oc-15f">
         <name>.bss:xDelayedTaskList2</name>
         <uninitialized>true</uninitialized>
         <run_address>0x20001d50</run_address>
         <size>0x14</size>
         <input_file_ref idref="fl-7"/>
      </object_component>
      <object_component id="oc-158">
         <name>.bss</name>
         <uninitialized>true</uninitialized>
         <run_address>0x20001da0</run_address>
         <size>0x8</size>
         <input_file_ref idref="fl-7"/>
      </object_component>
      <object_component id="oc-151">
         <name>.bss:xPendingReadyList</name>
         <uninitialized>true</uninitialized>
         <run_address>0x20001d64</run_address>
         <size>0x14</size>
         <input_file_ref idref="fl-7"/>
      </object_component>
      <object_component id="oc-14b">
         <name>.bss:xTasksWaitingTermination</name>
         <uninitialized>true</uninitialized>
         <run_address>0x20001d8c</run_address>
         <size>0x14</size>
         <input_file_ref idref="fl-7"/>
      </object_component>
      <object_component id="oc-14e">
         <name>.bss:xSuspendedTaskList</name>
         <uninitialized>true</uninitialized>
         <run_address>0x20001d78</run_address>
         <size>0x14</size>
         <input_file_ref idref="fl-7"/>
      </object_component>
      <object_component id="oc-1bb">
         <name>.bss:xActiveTimerList1</name>
         <uninitialized>true</uninitialized>
         <run_address>0x20001d14</run_address>
         <size>0x14</size>
         <input_file_ref idref="fl-8"/>
      </object_component>
      <object_component id="oc-1be">
         <name>.bss:xActiveTimerList2</name>
         <uninitialized>true</uninitialized>
         <run_address>0x20001d28</run_address>
         <size>0x14</size>
         <input_file_ref idref="fl-8"/>
      </object_component>
      <object_component id="oc-1b8">
         <name>.bss</name>
         <uninitialized>true</uninitialized>
         <run_address>0x20001da8</run_address>
         <size>0x8</size>
         <input_file_ref idref="fl-8"/>
      </object_component>
      <object_component id="oc-22f">
         <name>.bss:ucHeap</name>
         <uninitialized>true</uninitialized>
         <run_address>0x20000000</run_address>
         <size>0x1000</size>
         <input_file_ref idref="fl-b"/>
      </object_component>
      <object_component id="oc-da">
         <name>.common:SeatInfo</name>
         <uninitialized>true</uninitialized>
         <run_address>0x20001cf4</run_address>
         <size>0x20</size>
      </object_component>
      <object_component id="oc-df">
         <name>.common:Diagonstics</name>
         <uninitialized>true</uninitialized>
         <run_address>0x20001000</run_address>
         <size>0xc00</size>
      </object_component>
      <object_component id="oc-15b">
         <name>.common:ullTasksOutTime</name>
         <uninitialized>true</uninitialized>
         <run_address>0x20001cac</run_address>
         <size>0x24</size>
      </object_component>
      <object_component id="oc-154">
         <name>.common:ullTasksInTime</name>
         <uninitialized>true</uninitialized>
         <run_address>0x20001c88</run_address>
         <size>0x24</size>
      </object_component>
      <object_component id="oc-e7">
         <name>.common:ullTasksExecutionTime</name>
         <uninitialized>true</uninitialized>
         <run_address>0x20001c64</run_address>
         <size>0x24</size>
      </object_component>
      <object_component id="oc-e6">
         <name>.common:ullTasksTotalTime</name>
         <uninitialized>true</uninitialized>
         <run_address>0x20001cd0</run_address>
         <size>0x24</size>
      </object_component>
      <object_component id="oc-cb">
         <name>.common:xLevelSettingTempTaskHandle</name>
         <uninitialized>true</uninitialized>
         <run_address>0x20001dd0</run_address>
         <size>0x4</size>
      </object_component>
      <object_component id="oc-cc">
         <name>.common:xControlTaskHandle</name>
         <uninitialized>true</uninitialized>
         <run_address>0x20001db4</run_address>
         <size>0x4</size>
      </object_component>
      <object_component id="oc-cd">
         <name>.common:xDriverTempReadingTaskHandle</name>
         <uninitialized>true</uninitialized>
         <run_address>0x20001dc4</run_address>
         <size>0x4</size>
      </object_component>
      <object_component id="oc-ce">
         <name>.common:xPassengerTempReadingTaskHandle</name>
         <uninitialized>true</uninitialized>
         <run_address>0x20001dd8</run_address>
         <size>0x4</size>
      </object_component>
      <object_component id="oc-cf">
         <name>.common:xHeatingElementTaskHandle</name>
         <uninitialized>true</uninitialized>
         <run_address>0x20001dc8</run_address>
         <size>0x4</size>
      </object_component>
      <object_component id="oc-d0">
         <name>.common:xDisplaytaskHandle</name>
         <uninitialized>true</uninitialized>
         <run_address>0x20001dc0</run_address>
         <size>0x4</size>
      </object_component>
      <object_component id="oc-d1">
         <name>.common:xRunTimeMeasurementsTaskHandle</name>
         <uninitialized>true</uninitialized>
         <run_address>0x20001ddc</run_address>
         <size>0x4</size>
      </object_component>
      <object_component id="oc-d9">
         <name>.common:xDiagnosticsTaskHandle</name>
         <uninitialized>true</uninitialized>
         <run_address>0x20001db8</run_address>
         <size>0x4</size>
      </object_component>
      <object_component id="oc-c4">
         <name>.common:xButtonEvent</name>
         <uninitialized>true</uninitialized>
         <run_address>0x20001db0</run_address>
         <size>0x4</size>
      </object_component>
      <object_component id="oc-c7">
         <name>.common:xHeatingEvent</name>
         <uninitialized>true</uninitialized>
         <run_address>0x20001dcc</run_address>
         <size>0x4</size>
      </object_component>
      <object_component id="oc-c8">
         <name>.common:xTempToControlTaskSync</name>
         <uninitialized>true</uninitialized>
         <run_address>0x20001de0</run_address>
         <size>0x4</size>
      </object_component>
      <object_component id="oc-d2">
         <name>.common:xDisplayToTempTaskSync</name>
         <uninitialized>true</uninitialized>
         <run_address>0x20001dbc</run_address>
         <size>0x4</size>
      </object_component>
      <object_component id="oc-c9">
         <name>.common:xTempToDiagonsticsTaskSync</name>
         <uninitialized>true</uninitialized>
         <run_address>0x20001de4</run_address>
         <size>0x4</size>
      </object_component>
      <object_component id="oc-ca">
         <name>.common:xMutex</name>
         <uninitialized>true</uninitialized>
         <run_address>0x20001dd4</run_address>
         <size>0x4</size>
      </object_component>
      <object_component id="oc-de">
         <name>.common:xCurrentTaskID</name>
         <uninitialized>true</uninitialized>
         <run_address>0x20001de8</run_address>
         <size>0x1</size>
      </object_component>
      <object_component id="oc-24">
         <name>.stack</name>
         <uninitialized>true</uninitialized>
         <run_address>0x20001df0</run_address>
         <size>0x4</size>
         <input_file_ref idref="fl-d1"/>
      </object_component>
      <object_component id="oc-2f3">
         <name>.stack</name>
         <uninitialized>true</uninitialized>
         <run_address>0x20001df0</run_address>
         <size>0x0</size>
      </object_component>
      <object_component id="oc-c5">
         <name>.debug_info</name>
         <load_address>0x0</load_address>
         <run_address>0x0</run_address>
         <size>0xf83</size>
         <input_file_ref idref="fl-2"/>
      </object_component>
      <object_component id="oc-e1">
         <name>.debug_info</name>
         <load_address>0xf83</load_address>
         <run_address>0xf83</run_address>
         <size>0xd5</size>
         <input_file_ref idref="fl-2"/>
      </object_component>
      <object_component id="oc-dc">
         <name>.debug_info</name>
         <load_address>0x1058</load_address>
         <run_address>0x1058</run_address>
         <size>0xeb</size>
         <input_file_ref idref="fl-2"/>
      </object_component>
      <object_component id="oc-e4">
         <name>.debug_info</name>
         <load_address>0x1143</load_address>
         <run_address>0x1143</run_address>
         <size>0xed</size>
         <input_file_ref idref="fl-2"/>
      </object_component>
      <object_component id="oc-39">
         <name>.debug_info</name>
         <load_address>0x1230</load_address>
         <run_address>0x1230</run_address>
         <size>0x1700</size>
         <input_file_ref idref="fl-2"/>
      </object_component>
      <object_component id="oc-f4">
         <name>.debug_info</name>
         <load_address>0x2930</load_address>
         <run_address>0x2930</run_address>
         <size>0x165</size>
         <input_file_ref idref="fl-2"/>
      </object_component>
      <object_component id="oc-16c">
         <name>.debug_info</name>
         <load_address>0x2a95</load_address>
         <run_address>0x2a95</run_address>
         <size>0x315</size>
         <input_file_ref idref="fl-2"/>
      </object_component>
      <object_component id="oc-100">
         <name>.debug_info</name>
         <load_address>0x2daa</load_address>
         <run_address>0x2daa</run_address>
         <size>0x26b</size>
         <input_file_ref idref="fl-2"/>
      </object_component>
      <object_component id="oc-176">
         <name>.debug_info</name>
         <load_address>0x3015</load_address>
         <run_address>0x3015</run_address>
         <size>0x3f8</size>
         <input_file_ref idref="fl-2"/>
      </object_component>
      <object_component id="oc-ef">
         <name>.debug_info</name>
         <load_address>0x340d</load_address>
         <run_address>0x340d</run_address>
         <size>0x42</size>
         <input_file_ref idref="fl-2"/>
      </object_component>
      <object_component id="oc-19f">
         <name>.debug_info</name>
         <load_address>0x344f</load_address>
         <run_address>0x344f</run_address>
         <size>0x4f</size>
         <input_file_ref idref="fl-2"/>
      </object_component>
      <object_component id="oc-1a9">
         <name>.debug_info</name>
         <load_address>0x349e</load_address>
         <run_address>0x349e</run_address>
         <size>0x2c</size>
         <input_file_ref idref="fl-2"/>
      </object_component>
      <object_component id="oc-47">
         <name>.debug_info</name>
         <load_address>0x34ca</load_address>
         <run_address>0x34ca</run_address>
         <size>0x84</size>
         <input_file_ref idref="fl-2"/>
      </object_component>
      <object_component id="oc-91">
         <name>.debug_info</name>
         <load_address>0x354e</load_address>
         <run_address>0x354e</run_address>
         <size>0x2c</size>
         <input_file_ref idref="fl-2"/>
      </object_component>
      <object_component id="oc-1a4">
         <name>.debug_info</name>
         <load_address>0x357a</load_address>
         <run_address>0x357a</run_address>
         <size>0x4f</size>
         <input_file_ref idref="fl-2"/>
      </object_component>
      <object_component id="oc-17b">
         <name>.debug_info</name>
         <load_address>0x35c9</load_address>
         <run_address>0x35c9</run_address>
         <size>0x2a4</size>
         <input_file_ref idref="fl-2"/>
      </object_component>
      <object_component id="oc-9b">
         <name>.debug_info</name>
         <load_address>0x386d</load_address>
         <run_address>0x386d</run_address>
         <size>0xbb</size>
         <input_file_ref idref="fl-2"/>
      </object_component>
      <object_component id="oc-f9">
         <name>.debug_info</name>
         <load_address>0x3928</load_address>
         <run_address>0x3928</run_address>
         <size>0xae</size>
         <input_file_ref idref="fl-2"/>
      </object_component>
      <object_component id="oc-167">
         <name>.debug_info</name>
         <load_address>0x39d6</load_address>
         <run_address>0x39d6</run_address>
         <size>0x53</size>
         <input_file_ref idref="fl-2"/>
      </object_component>
      <object_component id="oc-96">
         <name>.debug_info</name>
         <load_address>0x3a29</load_address>
         <run_address>0x3a29</run_address>
         <size>0x53</size>
         <input_file_ref idref="fl-2"/>
      </object_component>
      <object_component id="oc-171">
         <name>.debug_info</name>
         <load_address>0x3a7c</load_address>
         <run_address>0x3a7c</run_address>
         <size>0x14c</size>
         <input_file_ref idref="fl-2"/>
      </object_component>
      <object_component id="oc-40">
         <name>.debug_info</name>
         <load_address>0x3bc8</load_address>
         <run_address>0x3bc8</run_address>
         <size>0x35a</size>
         <input_file_ref idref="fl-3"/>
      </object_component>
      <object_component id="oc-13">
         <name>.debug_info</name>
         <load_address>0x3f22</load_address>
         <run_address>0x3f22</run_address>
         <size>0xef</size>
         <input_file_ref idref="fl-3"/>
      </object_component>
      <object_component id="oc-28">
         <name>.debug_info</name>
         <load_address>0x4011</load_address>
         <run_address>0x4011</run_address>
         <size>0x26b</size>
         <input_file_ref idref="fl-3"/>
      </object_component>
      <object_component id="oc-186">
         <name>.debug_info</name>
         <load_address>0x427c</load_address>
         <run_address>0x427c</run_address>
         <size>0x68a</size>
         <input_file_ref idref="fl-4"/>
      </object_component>
      <object_component id="oc-a1">
         <name>.debug_info</name>
         <load_address>0x4906</load_address>
         <run_address>0x4906</run_address>
         <size>0x1398</size>
         <input_file_ref idref="fl-4"/>
      </object_component>
      <object_component id="oc-18e">
         <name>.debug_info</name>
         <load_address>0x5c9e</load_address>
         <run_address>0x5c9e</run_address>
         <size>0x110</size>
         <input_file_ref idref="fl-4"/>
      </object_component>
      <object_component id="oc-227">
         <name>.debug_info</name>
         <load_address>0x5dae</load_address>
         <run_address>0x5dae</run_address>
         <size>0x3f8</size>
         <input_file_ref idref="fl-4"/>
      </object_component>
      <object_component id="oc-248">
         <name>.debug_info</name>
         <load_address>0x61a6</load_address>
         <run_address>0x61a6</run_address>
         <size>0x62</size>
         <input_file_ref idref="fl-4"/>
      </object_component>
      <object_component id="oc-181">
         <name>.debug_info</name>
         <load_address>0x6208</load_address>
         <run_address>0x6208</run_address>
         <size>0x39</size>
         <input_file_ref idref="fl-4"/>
      </object_component>
      <object_component id="oc-235">
         <name>.debug_info</name>
         <load_address>0x6241</load_address>
         <run_address>0x6241</run_address>
         <size>0x388</size>
         <input_file_ref idref="fl-5"/>
      </object_component>
      <object_component id="oc-143">
         <name>.debug_info</name>
         <load_address>0x65c9</load_address>
         <run_address>0x65c9</run_address>
         <size>0x4f8</size>
         <input_file_ref idref="fl-5"/>
      </object_component>
      <object_component id="oc-18d">
         <name>.debug_info</name>
         <load_address>0x6ac1</load_address>
         <run_address>0x6ac1</run_address>
         <size>0x8ee</size>
         <input_file_ref idref="fl-6"/>
      </object_component>
      <object_component id="oc-a8">
         <name>.debug_info</name>
         <load_address>0x73af</load_address>
         <run_address>0x73af</run_address>
         <size>0x3342</size>
         <input_file_ref idref="fl-6"/>
      </object_component>
      <object_component id="oc-24f">
         <name>.debug_info</name>
         <load_address>0xa6f1</load_address>
         <run_address>0xa6f1</run_address>
         <size>0x1c7</size>
         <input_file_ref idref="fl-6"/>
      </object_component>
      <object_component id="oc-188">
         <name>.debug_info</name>
         <load_address>0xa8b8</load_address>
         <run_address>0xa8b8</run_address>
         <size>0x46</size>
         <input_file_ref idref="fl-6"/>
      </object_component>
      <object_component id="oc-21d">
         <name>.debug_info</name>
         <load_address>0xa8fe</load_address>
         <run_address>0xa8fe</run_address>
         <size>0x35</size>
         <input_file_ref idref="fl-6"/>
      </object_component>
      <object_component id="oc-134">
         <name>.debug_info</name>
         <load_address>0xa933</load_address>
         <run_address>0xa933</run_address>
         <size>0x8d5</size>
         <input_file_ref idref="fl-7"/>
      </object_component>
      <object_component id="oc-80">
         <name>.debug_info</name>
         <load_address>0xb208</load_address>
         <run_address>0xb208</run_address>
         <size>0x34d</size>
         <input_file_ref idref="fl-7"/>
      </object_component>
      <object_component id="oc-149">
         <name>.debug_info</name>
         <load_address>0xb555</load_address>
         <run_address>0xb555</run_address>
         <size>0xf6</size>
         <input_file_ref idref="fl-7"/>
      </object_component>
      <object_component id="oc-15d">
         <name>.debug_info</name>
         <load_address>0xb64b</load_address>
         <run_address>0xb64b</run_address>
         <size>0xf6</size>
         <input_file_ref idref="fl-7"/>
      </object_component>
      <object_component id="oc-160">
         <name>.debug_info</name>
         <load_address>0xb741</load_address>
         <run_address>0xb741</run_address>
         <size>0xf6</size>
         <input_file_ref idref="fl-7"/>
      </object_component>
      <object_component id="oc-159">
         <name>.debug_info</name>
         <load_address>0xb837</load_address>
         <run_address>0xb837</run_address>
         <size>0x139</size>
         <input_file_ref idref="fl-7"/>
      </object_component>
      <object_component id="oc-152">
         <name>.debug_info</name>
         <load_address>0xb970</load_address>
         <run_address>0xb970</run_address>
         <size>0xf6</size>
         <input_file_ref idref="fl-7"/>
      </object_component>
      <object_component id="oc-14c">
         <name>.debug_info</name>
         <load_address>0xba66</load_address>
         <run_address>0xba66</run_address>
         <size>0x104</size>
         <input_file_ref idref="fl-7"/>
      </object_component>
      <object_component id="oc-14f">
         <name>.debug_info</name>
         <load_address>0xbb6a</load_address>
         <run_address>0xbb6a</run_address>
         <size>0xf8</size>
         <input_file_ref idref="fl-7"/>
      </object_component>
      <object_component id="oc-156">
         <name>.debug_info</name>
         <load_address>0xbc62</load_address>
         <run_address>0xbc62</run_address>
         <size>0xf7</size>
         <input_file_ref idref="fl-7"/>
      </object_component>
      <object_component id="oc-87">
         <name>.debug_info</name>
         <load_address>0xbd59</load_address>
         <run_address>0xbd59</run_address>
         <size>0x4ce1</size>
         <input_file_ref idref="fl-7"/>
      </object_component>
      <object_component id="oc-135">
         <name>.debug_info</name>
         <load_address>0x10a3a</load_address>
         <run_address>0x10a3a</run_address>
         <size>0x30c</size>
         <input_file_ref idref="fl-7"/>
      </object_component>
      <object_component id="oc-222">
         <name>.debug_info</name>
         <load_address>0x10d46</load_address>
         <run_address>0x10d46</run_address>
         <size>0x130</size>
         <input_file_ref idref="fl-7"/>
      </object_component>
      <object_component id="oc-1c7">
         <name>.debug_info</name>
         <load_address>0x10e76</load_address>
         <run_address>0x10e76</run_address>
         <size>0x839</size>
         <input_file_ref idref="fl-8"/>
      </object_component>
      <object_component id="oc-1bc">
         <name>.debug_info</name>
         <load_address>0x116af</load_address>
         <run_address>0x116af</run_address>
         <size>0xf6</size>
         <input_file_ref idref="fl-8"/>
      </object_component>
      <object_component id="oc-1bf">
         <name>.debug_info</name>
         <load_address>0x117a5</load_address>
         <run_address>0x117a5</run_address>
         <size>0xf6</size>
         <input_file_ref idref="fl-8"/>
      </object_component>
      <object_component id="oc-1b9">
         <name>.debug_info</name>
         <load_address>0x1189b</load_address>
         <run_address>0x1189b</run_address>
         <size>0x12e</size>
         <input_file_ref idref="fl-8"/>
      </object_component>
      <object_component id="oc-1b6">
         <name>.debug_info</name>
         <load_address>0x119c9</load_address>
         <run_address>0x119c9</run_address>
         <size>0x11a</size>
         <input_file_ref idref="fl-8"/>
      </object_component>
      <object_component id="oc-eb">
         <name>.debug_info</name>
         <load_address>0x11ae3</load_address>
         <run_address>0x11ae3</run_address>
         <size>0x23b1</size>
         <input_file_ref idref="fl-8"/>
      </object_component>
      <object_component id="oc-1c8">
         <name>.debug_info</name>
         <load_address>0x13e94</load_address>
         <run_address>0x13e94</run_address>
         <size>0x1ce</size>
         <input_file_ref idref="fl-8"/>
      </object_component>
      <object_component id="oc-1c2">
         <name>.debug_info</name>
         <load_address>0x14062</load_address>
         <run_address>0x14062</run_address>
         <size>0x46</size>
         <input_file_ref idref="fl-8"/>
      </object_component>
      <object_component id="oc-90">
         <name>.debug_info</name>
         <load_address>0x140a8</load_address>
         <run_address>0x140a8</run_address>
         <size>0x46f</size>
         <input_file_ref idref="fl-9"/>
      </object_component>
      <object_component id="oc-83">
         <name>.debug_info</name>
         <load_address>0x14517</load_address>
         <run_address>0x14517</run_address>
         <size>0x16b</size>
         <input_file_ref idref="fl-9"/>
      </object_component>
      <object_component id="oc-8d">
         <name>.debug_info</name>
         <load_address>0x14682</load_address>
         <run_address>0x14682</run_address>
         <size>0x176</size>
         <input_file_ref idref="fl-9"/>
      </object_component>
      <object_component id="oc-33">
         <name>.debug_info</name>
         <load_address>0x147f8</load_address>
         <run_address>0x147f8</run_address>
         <size>0x902</size>
         <input_file_ref idref="fl-9"/>
      </object_component>
      <object_component id="oc-2f">
         <name>.debug_info</name>
         <load_address>0x150fa</load_address>
         <run_address>0x150fa</run_address>
         <size>0x258</size>
         <input_file_ref idref="fl-a"/>
      </object_component>
      <object_component id="oc-233">
         <name>.debug_info</name>
         <load_address>0x15352</load_address>
         <run_address>0x15352</run_address>
         <size>0x421</size>
         <input_file_ref idref="fl-b"/>
      </object_component>
      <object_component id="oc-230">
         <name>.debug_info</name>
         <load_address>0x15773</load_address>
         <run_address>0x15773</run_address>
         <size>0xf1</size>
         <input_file_ref idref="fl-b"/>
      </object_component>
      <object_component id="oc-22d">
         <name>.debug_info</name>
         <load_address>0x15864</load_address>
         <run_address>0x15864</run_address>
         <size>0xff</size>
         <input_file_ref idref="fl-b"/>
      </object_component>
      <object_component id="oc-13d">
         <name>.debug_info</name>
         <load_address>0x15963</load_address>
         <run_address>0x15963</run_address>
         <size>0x40f</size>
         <input_file_ref idref="fl-b"/>
      </object_component>
      <object_component id="oc-d4">
         <name>.debug_info</name>
         <load_address>0x15d72</load_address>
         <run_address>0x15d72</run_address>
         <size>0x1eb</size>
         <input_file_ref idref="fl-c"/>
      </object_component>
      <object_component id="oc-c0">
         <name>.debug_info</name>
         <load_address>0x15f5d</load_address>
         <run_address>0x15f5d</run_address>
         <size>0x186</size>
         <input_file_ref idref="fl-d"/>
      </object_component>
      <object_component id="oc-b3">
         <name>.debug_info</name>
         <load_address>0x160e3</load_address>
         <run_address>0x160e3</run_address>
         <size>0x6c6</size>
         <input_file_ref idref="fl-e"/>
      </object_component>
      <object_component id="oc-b9">
         <name>.debug_info</name>
         <load_address>0x167a9</load_address>
         <run_address>0x167a9</run_address>
         <size>0x196</size>
         <input_file_ref idref="fl-f"/>
      </object_component>
      <object_component id="oc-199">
         <name>.debug_info</name>
         <load_address>0x1693f</load_address>
         <run_address>0x1693f</run_address>
         <size>0x270</size>
         <input_file_ref idref="fl-10"/>
      </object_component>
      <object_component id="oc-af">
         <name>.debug_info</name>
         <load_address>0x16baf</load_address>
         <run_address>0x16baf</run_address>
         <size>0x470</size>
         <input_file_ref idref="fl-10"/>
      </object_component>
      <object_component id="oc-4d">
         <name>.debug_info</name>
         <load_address>0x1701f</load_address>
         <run_address>0x1701f</run_address>
         <size>0x119</size>
         <input_file_ref idref="fl-ca"/>
      </object_component>
      <object_component id="oc-11c">
         <name>.debug_info</name>
         <load_address>0x17138</load_address>
         <run_address>0x17138</run_address>
         <size>0x147</size>
         <input_file_ref idref="fl-cb"/>
      </object_component>
      <object_component id="oc-195">
         <name>.debug_info</name>
         <load_address>0x1727f</load_address>
         <run_address>0x1727f</run_address>
         <size>0x13f</size>
         <input_file_ref idref="fl-cc"/>
      </object_component>
      <object_component id="oc-25a">
         <name>.debug_info</name>
         <load_address>0x173be</load_address>
         <run_address>0x173be</run_address>
         <size>0x134</size>
         <input_file_ref idref="fl-cd"/>
      </object_component>
      <object_component id="oc-119">
         <name>.debug_info</name>
         <load_address>0x174f2</load_address>
         <run_address>0x174f2</run_address>
         <size>0x2d4</size>
         <input_file_ref idref="fl-ce"/>
      </object_component>
      <object_component id="oc-5f">
         <name>.debug_info</name>
         <load_address>0x177c6</load_address>
         <run_address>0x177c6</run_address>
         <size>0x1b5</size>
         <input_file_ref idref="fl-ce"/>
      </object_component>
      <object_component id="oc-114">
         <name>.debug_info</name>
         <load_address>0x1797b</load_address>
         <run_address>0x1797b</run_address>
         <size>0x46</size>
         <input_file_ref idref="fl-ce"/>
      </object_component>
      <object_component id="oc-1d4">
         <name>.debug_info</name>
         <load_address>0x179c1</load_address>
         <run_address>0x179c1</run_address>
         <size>0x2c</size>
         <input_file_ref idref="fl-ce"/>
      </object_component>
      <object_component id="oc-57">
         <name>.debug_info</name>
         <load_address>0x179ed</load_address>
         <run_address>0x179ed</run_address>
         <size>0x2a8</size>
         <input_file_ref idref="fl-cf"/>
      </object_component>
      <object_component id="oc-1d">
         <name>.debug_info</name>
         <load_address>0x17c95</load_address>
         <run_address>0x17c95</run_address>
         <size>0x1ea</size>
         <input_file_ref idref="fl-cf"/>
      </object_component>
      <object_component id="oc-52">
         <name>.debug_info</name>
         <load_address>0x17e7f</load_address>
         <run_address>0x17e7f</run_address>
         <size>0x46</size>
         <input_file_ref idref="fl-cf"/>
      </object_component>
      <object_component id="oc-10c">
         <name>.debug_info</name>
         <load_address>0x17ec5</load_address>
         <run_address>0x17ec5</run_address>
         <size>0x2c</size>
         <input_file_ref idref="fl-cf"/>
      </object_component>
      <object_component id="oc-10a">
         <name>.debug_info</name>
         <load_address>0x17ef1</load_address>
         <run_address>0x17ef1</run_address>
         <size>0x29e</size>
         <input_file_ref idref="fl-d0"/>
      </object_component>
      <object_component id="oc-16">
         <name>.debug_info</name>
         <load_address>0x1818f</load_address>
         <run_address>0x1818f</run_address>
         <size>0x250</size>
         <input_file_ref idref="fl-d0"/>
      </object_component>
      <object_component id="oc-42">
         <name>.debug_info</name>
         <load_address>0x183df</load_address>
         <run_address>0x183df</run_address>
         <size>0x60</size>
         <input_file_ref idref="fl-d0"/>
      </object_component>
      <object_component id="oc-1cd">
         <name>.debug_info</name>
         <load_address>0x1843f</load_address>
         <run_address>0x1843f</run_address>
         <size>0x46</size>
         <input_file_ref idref="fl-d0"/>
      </object_component>
      <object_component id="oc-105">
         <name>.debug_info</name>
         <load_address>0x18485</load_address>
         <run_address>0x18485</run_address>
         <size>0x39</size>
         <input_file_ref idref="fl-d0"/>
      </object_component>
      <object_component id="oc-25">
         <name>.debug_info</name>
         <load_address>0x184be</load_address>
         <run_address>0x184be</run_address>
         <size>0x10b</size>
         <input_file_ref idref="fl-d1"/>
      </object_component>
      <object_component id="oc-6d">
         <name>.debug_info</name>
         <load_address>0x185c9</load_address>
         <run_address>0x185c9</run_address>
         <size>0x1a9</size>
         <input_file_ref idref="fl-d1"/>
      </object_component>
      <object_component id="oc-255">
         <name>.debug_info</name>
         <load_address>0x18772</load_address>
         <run_address>0x18772</run_address>
         <size>0x115</size>
         <input_file_ref idref="fl-d2"/>
      </object_component>
      <object_component id="oc-276">
         <name>.debug_info</name>
         <load_address>0x18887</load_address>
         <run_address>0x18887</run_address>
         <size>0x4b3</size>
         <input_file_ref idref="fl-d3"/>
      </object_component>
      <object_component id="oc-1ed">
         <name>.debug_info</name>
         <load_address>0x18d3a</load_address>
         <run_address>0x18d3a</run_address>
         <size>0x1a6</size>
         <input_file_ref idref="fl-d3"/>
      </object_component>
      <object_component id="oc-2a5">
         <name>.debug_info</name>
         <load_address>0x18ee0</load_address>
         <run_address>0x18ee0</run_address>
         <size>0x39</size>
         <input_file_ref idref="fl-d3"/>
      </object_component>
      <object_component id="oc-2b9">
         <name>.debug_info</name>
         <load_address>0x18f19</load_address>
         <run_address>0x18f19</run_address>
         <size>0x39</size>
         <input_file_ref idref="fl-d3"/>
      </object_component>
      <object_component id="oc-2aa">
         <name>.debug_info</name>
         <load_address>0x18f52</load_address>
         <run_address>0x18f52</run_address>
         <size>0x39</size>
         <input_file_ref idref="fl-d3"/>
      </object_component>
      <object_component id="oc-2af">
         <name>.debug_info</name>
         <load_address>0x18f8b</load_address>
         <run_address>0x18f8b</run_address>
         <size>0xcd</size>
         <input_file_ref idref="fl-d3"/>
      </object_component>
      <object_component id="oc-121">
         <name>.debug_info</name>
         <load_address>0x19058</load_address>
         <run_address>0x19058</run_address>
         <size>0x153</size>
         <input_file_ref idref="fl-d4"/>
      </object_component>
      <object_component id="oc-1df">
         <name>.debug_info</name>
         <load_address>0x191ab</load_address>
         <run_address>0x191ab</run_address>
         <size>0x122</size>
         <input_file_ref idref="fl-d6"/>
      </object_component>
      <object_component id="oc-2f4">
         <name>.debug_info</name>
         <load_address>0x192cd</load_address>
         <run_address>0x192cd</run_address>
         <size>0xa2</size>
      </object_component>
      <object_component id="oc-19e">
         <name>.debug_line</name>
         <load_address>0x0</load_address>
         <run_address>0x0</run_address>
         <size>0x327</size>
         <input_file_ref idref="fl-2"/>
      </object_component>
      <object_component id="oc-1b2">
         <name>.debug_line</name>
         <load_address>0x327</load_address>
         <run_address>0x327</run_address>
         <size>0x2d</size>
         <input_file_ref idref="fl-2"/>
      </object_component>
      <object_component id="oc-1b0">
         <name>.debug_line</name>
         <load_address>0x354</load_address>
         <run_address>0x354</run_address>
         <size>0x2d</size>
         <input_file_ref idref="fl-2"/>
      </object_component>
      <object_component id="oc-1b4">
         <name>.debug_line</name>
         <load_address>0x381</load_address>
         <run_address>0x381</run_address>
         <size>0x2d</size>
         <input_file_ref idref="fl-2"/>
      </object_component>
      <object_component id="oc-3d">
         <name>.debug_line</name>
         <load_address>0x3ae</load_address>
         <run_address>0x3ae</run_address>
         <size>0x257</size>
         <input_file_ref idref="fl-2"/>
      </object_component>
      <object_component id="oc-f7">
         <name>.debug_line</name>
         <load_address>0x605</load_address>
         <run_address>0x605</run_address>
         <size>0x2d</size>
         <input_file_ref idref="fl-2"/>
      </object_component>
      <object_component id="oc-16f">
         <name>.debug_line</name>
         <load_address>0x632</load_address>
         <run_address>0x632</run_address>
         <size>0x70</size>
         <input_file_ref idref="fl-2"/>
      </object_component>
      <object_component id="oc-103">
         <name>.debug_line</name>
         <load_address>0x6a2</load_address>
         <run_address>0x6a2</run_address>
         <size>0x6f</size>
         <input_file_ref idref="fl-2"/>
      </object_component>
      <object_component id="oc-179">
         <name>.debug_line</name>
         <load_address>0x711</load_address>
         <run_address>0x711</run_address>
         <size>0x74</size>
         <input_file_ref idref="fl-2"/>
      </object_component>
      <object_component id="oc-f2">
         <name>.debug_line</name>
         <load_address>0x785</load_address>
         <run_address>0x785</run_address>
         <size>0x78</size>
         <input_file_ref idref="fl-2"/>
      </object_component>
      <object_component id="oc-1a2">
         <name>.debug_line</name>
         <load_address>0x7fd</load_address>
         <run_address>0x7fd</run_address>
         <size>0x71</size>
         <input_file_ref idref="fl-2"/>
      </object_component>
      <object_component id="oc-1ac">
         <name>.debug_line</name>
         <load_address>0x86e</load_address>
         <run_address>0x86e</run_address>
         <size>0x72</size>
         <input_file_ref idref="fl-2"/>
      </object_component>
      <object_component id="oc-4a">
         <name>.debug_line</name>
         <load_address>0x8e0</load_address>
         <run_address>0x8e0</run_address>
         <size>0x20</size>
         <input_file_ref idref="fl-2"/>
      </object_component>
      <object_component id="oc-94">
         <name>.debug_line</name>
         <load_address>0x900</load_address>
         <run_address>0x900</run_address>
         <size>0x74</size>
         <input_file_ref idref="fl-2"/>
      </object_component>
      <object_component id="oc-1a7">
         <name>.debug_line</name>
         <load_address>0x974</load_address>
         <run_address>0x974</run_address>
         <size>0x72</size>
         <input_file_ref idref="fl-2"/>
      </object_component>
      <object_component id="oc-17e">
         <name>.debug_line</name>
         <load_address>0x9e6</load_address>
         <run_address>0x9e6</run_address>
         <size>0x73</size>
         <input_file_ref idref="fl-2"/>
      </object_component>
      <object_component id="oc-9e">
         <name>.debug_line</name>
         <load_address>0xa59</load_address>
         <run_address>0xa59</run_address>
         <size>0x70</size>
         <input_file_ref idref="fl-2"/>
      </object_component>
      <object_component id="oc-fc">
         <name>.debug_line</name>
         <load_address>0xac9</load_address>
         <run_address>0xac9</run_address>
         <size>0x64</size>
         <input_file_ref idref="fl-2"/>
      </object_component>
      <object_component id="oc-16a">
         <name>.debug_line</name>
         <load_address>0xb2d</load_address>
         <run_address>0xb2d</run_address>
         <size>0x6b</size>
         <input_file_ref idref="fl-2"/>
      </object_component>
      <object_component id="oc-99">
         <name>.debug_line</name>
         <load_address>0xb98</load_address>
         <run_address>0xb98</run_address>
         <size>0x83</size>
         <input_file_ref idref="fl-2"/>
      </object_component>
      <object_component id="oc-174">
         <name>.debug_line</name>
         <load_address>0xc1b</load_address>
         <run_address>0xc1b</run_address>
         <size>0x70</size>
         <input_file_ref idref="fl-2"/>
      </object_component>
      <object_component id="oc-ff">
         <name>.debug_line</name>
         <load_address>0xc8b</load_address>
         <run_address>0xc8b</run_address>
         <size>0x41</size>
         <input_file_ref idref="fl-3"/>
      </object_component>
      <object_component id="oc-3f">
         <name>.debug_line</name>
         <load_address>0xccc</load_address>
         <run_address>0xccc</run_address>
         <size>0x41</size>
         <input_file_ref idref="fl-3"/>
      </object_component>
      <object_component id="oc-2b">
         <name>.debug_line</name>
         <load_address>0xd0d</load_address>
         <run_address>0xd0d</run_address>
         <size>0xa1</size>
         <input_file_ref idref="fl-3"/>
      </object_component>
      <object_component id="oc-247">
         <name>.debug_line</name>
         <load_address>0xdae</load_address>
         <run_address>0xdae</run_address>
         <size>0x177</size>
         <input_file_ref idref="fl-4"/>
      </object_component>
      <object_component id="oc-a4">
         <name>.debug_line</name>
         <load_address>0xf25</load_address>
         <run_address>0xf25</run_address>
         <size>0x2f0</size>
         <input_file_ref idref="fl-4"/>
      </object_component>
      <object_component id="oc-191">
         <name>.debug_line</name>
         <load_address>0x1215</load_address>
         <run_address>0x1215</run_address>
         <size>0x6b</size>
         <input_file_ref idref="fl-4"/>
      </object_component>
      <object_component id="oc-22a">
         <name>.debug_line</name>
         <load_address>0x1280</load_address>
         <run_address>0x1280</run_address>
         <size>0x74</size>
         <input_file_ref idref="fl-4"/>
      </object_component>
      <object_component id="oc-24b">
         <name>.debug_line</name>
         <load_address>0x12f4</load_address>
         <run_address>0x12f4</run_address>
         <size>0x45</size>
         <input_file_ref idref="fl-4"/>
      </object_component>
      <object_component id="oc-184">
         <name>.debug_line</name>
         <load_address>0x1339</load_address>
         <run_address>0x1339</run_address>
         <size>0x78</size>
         <input_file_ref idref="fl-4"/>
      </object_component>
      <object_component id="oc-292">
         <name>.debug_line</name>
         <load_address>0x13b1</load_address>
         <run_address>0x13b1</run_address>
         <size>0x20</size>
         <input_file_ref idref="fl-5"/>
      </object_component>
      <object_component id="oc-146">
         <name>.debug_line</name>
         <load_address>0x13d1</load_address>
         <run_address>0x13d1</run_address>
         <size>0xf0</size>
         <input_file_ref idref="fl-5"/>
      </object_component>
      <object_component id="oc-24e">
         <name>.debug_line</name>
         <load_address>0x14c1</load_address>
         <run_address>0x14c1</run_address>
         <size>0x177</size>
         <input_file_ref idref="fl-6"/>
      </object_component>
      <object_component id="oc-a7">
         <name>.debug_line</name>
         <load_address>0x1638</load_address>
         <run_address>0x1638</run_address>
         <size>0x7a4</size>
         <input_file_ref idref="fl-6"/>
      </object_component>
      <object_component id="oc-252">
         <name>.debug_line</name>
         <load_address>0x1ddc</load_address>
         <run_address>0x1ddc</run_address>
         <size>0x3e</size>
         <input_file_ref idref="fl-6"/>
      </object_component>
      <object_component id="oc-18b">
         <name>.debug_line</name>
         <load_address>0x1e1a</load_address>
         <run_address>0x1e1a</run_address>
         <size>0x71</size>
         <input_file_ref idref="fl-6"/>
      </object_component>
      <object_component id="oc-220">
         <name>.debug_line</name>
         <load_address>0x1e8b</load_address>
         <run_address>0x1e8b</run_address>
         <size>0x74</size>
         <input_file_ref idref="fl-6"/>
      </object_component>
      <object_component id="oc-21c">
         <name>.debug_line</name>
         <load_address>0x1eff</load_address>
         <run_address>0x1eff</run_address>
         <size>0x248</size>
         <input_file_ref idref="fl-7"/>
      </object_component>
      <object_component id="oc-133">
         <name>.debug_line</name>
         <load_address>0x2147</load_address>
         <run_address>0x2147</run_address>
         <size>0x3e</size>
         <input_file_ref idref="fl-7"/>
      </object_component>
      <object_component id="oc-237">
         <name>.debug_line</name>
         <load_address>0x2185</load_address>
         <run_address>0x2185</run_address>
         <size>0x3e</size>
         <input_file_ref idref="fl-7"/>
      </object_component>
      <object_component id="oc-243">
         <name>.debug_line</name>
         <load_address>0x21c3</load_address>
         <run_address>0x21c3</run_address>
         <size>0x3e</size>
         <input_file_ref idref="fl-7"/>
      </object_component>
      <object_component id="oc-245">
         <name>.debug_line</name>
         <load_address>0x2201</load_address>
         <run_address>0x2201</run_address>
         <size>0x3e</size>
         <input_file_ref idref="fl-7"/>
      </object_component>
      <object_component id="oc-241">
         <name>.debug_line</name>
         <load_address>0x223f</load_address>
         <run_address>0x223f</run_address>
         <size>0x3e</size>
         <input_file_ref idref="fl-7"/>
      </object_component>
      <object_component id="oc-23d">
         <name>.debug_line</name>
         <load_address>0x227d</load_address>
         <run_address>0x227d</run_address>
         <size>0x3e</size>
         <input_file_ref idref="fl-7"/>
      </object_component>
      <object_component id="oc-239">
         <name>.debug_line</name>
         <load_address>0x22bb</load_address>
         <run_address>0x22bb</run_address>
         <size>0x3e</size>
         <input_file_ref idref="fl-7"/>
      </object_component>
      <object_component id="oc-23b">
         <name>.debug_line</name>
         <load_address>0x22f9</load_address>
         <run_address>0x22f9</run_address>
         <size>0x3e</size>
         <input_file_ref idref="fl-7"/>
      </object_component>
      <object_component id="oc-23f">
         <name>.debug_line</name>
         <load_address>0x2337</load_address>
         <run_address>0x2337</run_address>
         <size>0x3e</size>
         <input_file_ref idref="fl-7"/>
      </object_component>
      <object_component id="oc-86">
         <name>.debug_line</name>
         <load_address>0x2375</load_address>
         <run_address>0x2375</run_address>
         <size>0xc3a</size>
         <input_file_ref idref="fl-7"/>
      </object_component>
      <object_component id="oc-138">
         <name>.debug_line</name>
         <load_address>0x2faf</load_address>
         <run_address>0x2faf</run_address>
         <size>0x70</size>
         <input_file_ref idref="fl-7"/>
      </object_component>
      <object_component id="oc-225">
         <name>.debug_line</name>
         <load_address>0x301f</load_address>
         <run_address>0x301f</run_address>
         <size>0x3e</size>
         <input_file_ref idref="fl-7"/>
      </object_component>
      <object_component id="oc-26a">
         <name>.debug_line</name>
         <load_address>0x305d</load_address>
         <run_address>0x305d</run_address>
         <size>0x1c8</size>
         <input_file_ref idref="fl-8"/>
      </object_component>
      <object_component id="oc-266">
         <name>.debug_line</name>
         <load_address>0x3225</load_address>
         <run_address>0x3225</run_address>
         <size>0x3f</size>
         <input_file_ref idref="fl-8"/>
      </object_component>
      <object_component id="oc-268">
         <name>.debug_line</name>
         <load_address>0x3264</load_address>
         <run_address>0x3264</run_address>
         <size>0x3f</size>
         <input_file_ref idref="fl-8"/>
      </object_component>
      <object_component id="oc-264">
         <name>.debug_line</name>
         <load_address>0x32a3</load_address>
         <run_address>0x32a3</run_address>
         <size>0x3f</size>
         <input_file_ref idref="fl-8"/>
      </object_component>
      <object_component id="oc-262">
         <name>.debug_line</name>
         <load_address>0x32e2</load_address>
         <run_address>0x32e2</run_address>
         <size>0x3f</size>
         <input_file_ref idref="fl-8"/>
      </object_component>
      <object_component id="oc-ed">
         <name>.debug_line</name>
         <load_address>0x3321</load_address>
         <run_address>0x3321</run_address>
         <size>0x4d8</size>
         <input_file_ref idref="fl-8"/>
      </object_component>
      <object_component id="oc-1cb">
         <name>.debug_line</name>
         <load_address>0x37f9</load_address>
         <run_address>0x37f9</run_address>
         <size>0x3f</size>
         <input_file_ref idref="fl-8"/>
      </object_component>
      <object_component id="oc-1c5">
         <name>.debug_line</name>
         <load_address>0x3838</load_address>
         <run_address>0x3838</run_address>
         <size>0x72</size>
         <input_file_ref idref="fl-8"/>
      </object_component>
      <object_component id="oc-166">
         <name>.debug_line</name>
         <load_address>0x38aa</load_address>
         <run_address>0x38aa</run_address>
         <size>0xa3</size>
         <input_file_ref idref="fl-9"/>
      </object_component>
      <object_component id="oc-13b">
         <name>.debug_line</name>
         <load_address>0x394d</load_address>
         <run_address>0x394d</run_address>
         <size>0x53</size>
         <input_file_ref idref="fl-9"/>
      </object_component>
      <object_component id="oc-164">
         <name>.debug_line</name>
         <load_address>0x39a0</load_address>
         <run_address>0x39a0</run_address>
         <size>0x53</size>
         <input_file_ref idref="fl-9"/>
      </object_component>
      <object_component id="oc-36">
         <name>.debug_line</name>
         <load_address>0x39f3</load_address>
         <run_address>0x39f3</run_address>
         <size>0x192</size>
         <input_file_ref idref="fl-9"/>
      </object_component>
      <object_component id="oc-2e">
         <name>.debug_line</name>
         <load_address>0x3b85</load_address>
         <run_address>0x3b85</run_address>
         <size>0xe8</size>
         <input_file_ref idref="fl-a"/>
      </object_component>
      <object_component id="oc-290">
         <name>.debug_line</name>
         <load_address>0x3c6d</load_address>
         <run_address>0x3c6d</run_address>
         <size>0x70</size>
         <input_file_ref idref="fl-b"/>
      </object_component>
      <object_component id="oc-28e">
         <name>.debug_line</name>
         <load_address>0x3cdd</load_address>
         <run_address>0x3cdd</run_address>
         <size>0x50</size>
         <input_file_ref idref="fl-b"/>
      </object_component>
      <object_component id="oc-28c">
         <name>.debug_line</name>
         <load_address>0x3d2d</load_address>
         <run_address>0x3d2d</run_address>
         <size>0x50</size>
         <input_file_ref idref="fl-b"/>
      </object_component>
      <object_component id="oc-141">
         <name>.debug_line</name>
         <load_address>0x3d7d</load_address>
         <run_address>0x3d7d</run_address>
         <size>0xd5</size>
         <input_file_ref idref="fl-b"/>
      </object_component>
      <object_component id="oc-d8">
         <name>.debug_line</name>
         <load_address>0x3e52</load_address>
         <run_address>0x3e52</run_address>
         <size>0x5d</size>
         <input_file_ref idref="fl-c"/>
      </object_component>
      <object_component id="oc-bf">
         <name>.debug_line</name>
         <load_address>0x3eaf</load_address>
         <run_address>0x3eaf</run_address>
         <size>0x7d</size>
         <input_file_ref idref="fl-d"/>
      </object_component>
      <object_component id="oc-b6">
         <name>.debug_line</name>
         <load_address>0x3f2c</load_address>
         <run_address>0x3f2c</run_address>
         <size>0x1c2</size>
         <input_file_ref idref="fl-e"/>
      </object_component>
      <object_component id="oc-bd">
         <name>.debug_line</name>
         <load_address>0x40ee</load_address>
         <run_address>0x40ee</run_address>
         <size>0x69</size>
         <input_file_ref idref="fl-f"/>
      </object_component>
      <object_component id="oc-260">
         <name>.debug_line</name>
         <load_address>0x4157</load_address>
         <run_address>0x4157</run_address>
         <size>0x20</size>
         <input_file_ref idref="fl-10"/>
      </object_component>
      <object_component id="oc-b1">
         <name>.debug_line</name>
         <load_address>0x4177</load_address>
         <run_address>0x4177</run_address>
         <size>0x11e</size>
         <input_file_ref idref="fl-10"/>
      </object_component>
      <object_component id="oc-50">
         <name>.debug_line</name>
         <load_address>0x4295</load_address>
         <run_address>0x4295</run_address>
         <size>0x88</size>
         <input_file_ref idref="fl-ca"/>
      </object_component>
      <object_component id="oc-11b">
         <name>.debug_line</name>
         <load_address>0x431d</load_address>
         <run_address>0x431d</run_address>
         <size>0x79</size>
         <input_file_ref idref="fl-cb"/>
      </object_component>
      <object_component id="oc-194">
         <name>.debug_line</name>
         <load_address>0x4396</load_address>
         <run_address>0x4396</run_address>
         <size>0x68</size>
         <input_file_ref idref="fl-cc"/>
      </object_component>
      <object_component id="oc-25d">
         <name>.debug_line</name>
         <load_address>0x43fe</load_address>
         <run_address>0x43fe</run_address>
         <size>0x81</size>
         <input_file_ref idref="fl-cd"/>
      </object_component>
      <object_component id="oc-1da">
         <name>.debug_line</name>
         <load_address>0x447f</load_address>
         <run_address>0x447f</run_address>
         <size>0x92</size>
         <input_file_ref idref="fl-ce"/>
      </object_component>
      <object_component id="oc-63">
         <name>.debug_line</name>
         <load_address>0x4511</load_address>
         <run_address>0x4511</run_address>
         <size>0x53</size>
         <input_file_ref idref="fl-ce"/>
      </object_component>
      <object_component id="oc-117">
         <name>.debug_line</name>
         <load_address>0x4564</load_address>
         <run_address>0x4564</run_address>
         <size>0x34</size>
         <input_file_ref idref="fl-ce"/>
      </object_component>
      <object_component id="oc-1d7">
         <name>.debug_line</name>
         <load_address>0x4598</load_address>
         <run_address>0x4598</run_address>
         <size>0x92</size>
         <input_file_ref idref="fl-ce"/>
      </object_component>
      <object_component id="oc-112">
         <name>.debug_line</name>
         <load_address>0x462a</load_address>
         <run_address>0x462a</run_address>
         <size>0x20</size>
         <input_file_ref idref="fl-cf"/>
      </object_component>
      <object_component id="oc-1f">
         <name>.debug_line</name>
         <load_address>0x464a</load_address>
         <run_address>0x464a</run_address>
         <size>0x55</size>
         <input_file_ref idref="fl-cf"/>
      </object_component>
      <object_component id="oc-55">
         <name>.debug_line</name>
         <load_address>0x469f</load_address>
         <run_address>0x469f</run_address>
         <size>0x3a</size>
         <input_file_ref idref="fl-cf"/>
      </object_component>
      <object_component id="oc-10f">
         <name>.debug_line</name>
         <load_address>0x46d9</load_address>
         <run_address>0x46d9</run_address>
         <size>0x92</size>
         <input_file_ref idref="fl-cf"/>
      </object_component>
      <object_component id="oc-1d3">
         <name>.debug_line</name>
         <load_address>0x476b</load_address>
         <run_address>0x476b</run_address>
         <size>0x20</size>
         <input_file_ref idref="fl-d0"/>
      </object_component>
      <object_component id="oc-19">
         <name>.debug_line</name>
         <load_address>0x478b</load_address>
         <run_address>0x478b</run_address>
         <size>0xa9</size>
         <input_file_ref idref="fl-d0"/>
      </object_component>
      <object_component id="oc-45">
         <name>.debug_line</name>
         <load_address>0x4834</load_address>
         <run_address>0x4834</run_address>
         <size>0x3a</size>
         <input_file_ref idref="fl-d0"/>
      </object_component>
      <object_component id="oc-1d0">
         <name>.debug_line</name>
         <load_address>0x486e</load_address>
         <run_address>0x486e</run_address>
         <size>0x9a</size>
         <input_file_ref idref="fl-d0"/>
      </object_component>
      <object_component id="oc-108">
         <name>.debug_line</name>
         <load_address>0x4908</load_address>
         <run_address>0x4908</run_address>
         <size>0x96</size>
         <input_file_ref idref="fl-d0"/>
      </object_component>
      <object_component id="oc-7d">
         <name>.debug_line</name>
         <load_address>0x499e</load_address>
         <run_address>0x499e</run_address>
         <size>0x33</size>
         <input_file_ref idref="fl-d1"/>
      </object_component>
      <object_component id="oc-6f">
         <name>.debug_line</name>
         <load_address>0x49d1</load_address>
         <run_address>0x49d1</run_address>
         <size>0x45</size>
         <input_file_ref idref="fl-d1"/>
      </object_component>
      <object_component id="oc-258">
         <name>.debug_line</name>
         <load_address>0x4a16</load_address>
         <run_address>0x4a16</run_address>
         <size>0x37</size>
         <input_file_ref idref="fl-d2"/>
      </object_component>
      <object_component id="oc-2a4">
         <name>.debug_line</name>
         <load_address>0x4a4d</load_address>
         <run_address>0x4a4d</run_address>
         <size>0xbf</size>
         <input_file_ref idref="fl-d3"/>
      </object_component>
      <object_component id="oc-1ea">
         <name>.debug_line</name>
         <load_address>0x4b0c</load_address>
         <run_address>0x4b0c</run_address>
         <size>0x6f</size>
         <input_file_ref idref="fl-d3"/>
      </object_component>
      <object_component id="oc-2a8">
         <name>.debug_line</name>
         <load_address>0x4b7b</load_address>
         <run_address>0x4b7b</run_address>
         <size>0x2e</size>
         <input_file_ref idref="fl-d3"/>
      </object_component>
      <object_component id="oc-2bc">
         <name>.debug_line</name>
         <load_address>0x4ba9</load_address>
         <run_address>0x4ba9</run_address>
         <size>0x9a</size>
         <input_file_ref idref="fl-d3"/>
      </object_component>
      <object_component id="oc-2ad">
         <name>.debug_line</name>
         <load_address>0x4c43</load_address>
         <run_address>0x4c43</run_address>
         <size>0x97</size>
         <input_file_ref idref="fl-d3"/>
      </object_component>
      <object_component id="oc-2b2">
         <name>.debug_line</name>
         <load_address>0x4cda</load_address>
         <run_address>0x4cda</run_address>
         <size>0x93</size>
         <input_file_ref idref="fl-d3"/>
      </object_component>
      <object_component id="oc-124">
         <name>.debug_line</name>
         <load_address>0x4d6d</load_address>
         <run_address>0x4d6d</run_address>
         <size>0x40</size>
         <input_file_ref idref="fl-d4"/>
      </object_component>
      <object_component id="oc-1e1">
         <name>.debug_line</name>
         <load_address>0x4dad</load_address>
         <run_address>0x4dad</run_address>
         <size>0x3c</size>
         <input_file_ref idref="fl-d6"/>
      </object_component>
      <object_component id="oc-3c">
         <name>.debug_frame</name>
         <load_address>0x0</load_address>
         <run_address>0x0</run_address>
         <size>0x154</size>
         <input_file_ref idref="fl-2"/>
      </object_component>
      <object_component id="oc-2c">
         <name>.debug_frame</name>
         <load_address>0x154</load_address>
         <run_address>0x154</run_address>
         <size>0x90</size>
         <input_file_ref idref="fl-3"/>
      </object_component>
      <object_component id="oc-a5">
         <name>.debug_frame</name>
         <load_address>0x1e4</load_address>
         <run_address>0x1e4</run_address>
         <size>0x158</size>
         <input_file_ref idref="fl-4"/>
      </object_component>
      <object_component id="oc-147">
         <name>.debug_frame</name>
         <load_address>0x33c</load_address>
         <run_address>0x33c</run_address>
[...]
      <symbol id="sm-5da">
         <name>xTaskGenericNotifyStateClear</name>
         <value>0x22c5</value>
         <object_component_ref idref="oc-85"/>
      </symbol>
      <symbol id="sm-5db">
         <name>xTaskGenericNotify</name>
         <value>0x1cd9</value>
         <object_component_ref idref="oc-85"/>
      </symbol>
      <symbol id="sm-5dc">
         <name>vTaskPriorityDisinheritAfterTimeout</name>
         <value>0x19b1</value>
         <object_component_ref idref="oc-85"/>
      </symbol>
      <symbol id="sm-5dd">
         <name>xTaskCreate</name>
         <value>0x26d</value>
         <object_component_ref idref="oc-85"/>
      </symbol>
      <symbol id="sm-5de">
         <name>xTaskGetApplicationTaskTagFromISR</name>
         <value>0xf9d</value>
         <object_component_ref idref="oc-85"/>
      </symbol>
      <symbol id="sm-5df">
         <name>xTaskDelayUntil</name>
         <value>0x593</value>
         <object_component_ref idref="oc-85"/>
      </symbol>
      <symbol id="sm-5e0">
         <name>vTaskEndScheduler</name>
         <value>0xab9</value>
         <object_component_ref idref="oc-85"/>
      </symbol>
      <symbol id="sm-5e1">
         <name>vTaskMissedYield</name>
         <value>0x160d</value>
         <object_component_ref idref="oc-85"/>
      </symbol>
      <symbol id="sm-5e2">
         <name>uxTaskGetNumberOfTasks</name>
         <value>0xcb9</value>
         <object_component_ref idref="oc-85"/>
      </symbol>
      <symbol id="sm-5e3">
         <name>xTaskCatchUpTicks</name>
         <value>0xd15</value>
         <object_component_ref idref="oc-85"/>
      </symbol>
      <symbol id="sm-5e4">
         <name>xTaskGenericNotifyFromISR</name>
         <value>0x1ebf</value>
         <object_component_ref idref="oc-85"/>
      </symbol>
      <symbol id="sm-5e5">
         <name>xTaskResumeAll</name>
         <value>0xae9</value>
         <object_component_ref idref="oc-85"/>
      </symbol>
      <symbol id="sm-5e6">
         <name>vTaskSetApplicationTaskTag</name>
         <value>0xf4f</value>
         <object_component_ref idref="oc-85"/>
      </symbol>
      <symbol id="sm-5e7">
         <name>xTaskGetTickCount</name>
         <value>0xc95</value>
         <object_component_ref idref="oc-85"/>
      </symbol>
      <symbol id="sm-5e8">
         <name>ulTaskGenericNotifyTake</name>
         <value>0x1b35</value>
         <object_component_ref idref="oc-85"/>
      </symbol>
      <symbol id="sm-5e9">
         <name>vTaskDelete</name>
         <value>0x4bf</value>
         <object_component_ref idref="oc-85"/>
      </symbol>
      <symbol id="sm-5ea">
         <name>xTaskGetApplicationTaskTag</name>
         <value>0xf75</value>
         <object_component_ref idref="oc-85"/>
      </symbol>
      <symbol id="sm-5eb">
         <name>xTaskCallApplicationTaskHook</name>
         <value>0xfd7</value>
         <object_component_ref idref="oc-85"/>
      </symbol>
      <symbol id="sm-5ec">
         <name>ulTaskGenericNotifyValueClear</name>
         <value>0x232d</value>
         <object_component_ref idref="oc-85"/>
      </symbol>
      <symbol id="sm-5ed">
         <name>xTaskGenericNotifyWait</name>
         <value>0x1bf1</value>
         <object_component_ref idref="oc-85"/>
      </symbol>
      <symbol id="sm-5ee">
         <name>pxCurrentTCB</name>
         <value>0x20001ff0</value>
         <object_component_ref idref="oc-7f"/>
      </symbol>
      <symbol id="sm-5ef">
         <name>vTaskSuspend</name>
         <value>0x6e9</value>
         <object_component_ref idref="oc-85"/>
      </symbol>
      <symbol id="sm-5f0">
         <name>xTaskGetTickCountFromISR</name>
         <value>0xca5</value>
         <object_component_ref idref="oc-85"/>
      </symbol>
      <symbol id="sm-5f1">
         <name>vTaskResume</name>
         <value>0x849</value>
         <object_component_ref idref="oc-85"/>
      </symbol>
      <symbol id="sm-5f2">
         <name>uxTopUsedPriority</name>
         <value>0x5cf4</value>
         <object_component_ref idref="oc-155"/>
      </symbol>
      <symbol id="sm-5f3">
         <name>vTaskPlaceOnEventListRestricted</name>
         <value>0x11dd</value>
         <object_component_ref idref="oc-85"/>
      </symbol>
      <symbol id="sm-5f4">
         <name>vTaskSetTimeOutState</name>
         <value>0x1507</value>
         <object_component_ref idref="oc-85"/>
      </symbol>
      <symbol id="sm-5f5">
         <name>xTaskIncrementTick</name>
         <value>0xd79</value>
         <object_component_ref idref="oc-85"/>
      </symbol>
      <symbol id="sm-5f6">
         <name>vTaskSwitchContext</name>
         <value>0x1025</value>
         <object_component_ref idref="oc-85"/>
      </symbol>
      <symbol id="sm-5f7">
         <name>uxTaskResetEventItemValue</name>
         <value>0x1afb</value>
         <object_component_ref idref="oc-85"/>
      </symbol>
      <symbol id="sm-5f8">
         <name>xTaskGetSchedulerState</name>
         <value>0x1729</value>
         <object_component_ref idref="oc-85"/>
      </symbol>
      <symbol id="sm-5f9">
         <name>xTaskResumeFromISR</name>
         <value>0x921</value>
         <object_component_ref idref="oc-85"/>
      </symbol>
      <symbol id="sm-5fa">
         <name>xTaskGetCurrentTaskHandle</name>
         <value>0x1719</value>
         <object_component_ref idref="oc-85"/>
      </symbol>
      <symbol id="sm-5fb">
         <name>vTaskPlaceOnUnorderedEventList</name>
         <value>0x113d</value>
         <object_component_ref idref="oc-85"/>
      </symbol>
      <symbol id="sm-5fc">
         <name>xTaskRemoveFromEventList</name>
         <value>0x1261</value>
         <object_component_ref idref="oc-85"/>
      </symbol>
      <symbol id="sm-5fd">
         <name>xTaskPriorityInherit</name>
         <value>0x1759</value>
         <object_component_ref idref="oc-85"/>
      </symbol>
      <symbol id="sm-6c4">
         <name>xTimerGetTimerDaemonTaskHandle</name>
         <value>0x43c5</value>
         <object_component_ref idref="oc-e8"/>
      </symbol>
      <symbol id="sm-6c5">
         <name>pcTimerGetName</name>
         <value>0x44cd</value>
         <object_component_ref idref="oc-e8"/>
      </symbol>
      <symbol id="sm-6c6">
         <name>xTimerCreateTimerTask</name>
         <value>0x4269</value>
         <object_component_ref idref="oc-e8"/>
      </symbol>
      <symbol id="sm-6c7">
         <name>xTimerGetExpiryTime</name>
         <value>0x449f</value>
         <object_component_ref idref="oc-e8"/>
      </symbol>
      <symbol id="sm-6c8">
         <name>xTimerIsTimerActive</name>
         <value>0x48f5</value>
         <object_component_ref idref="oc-e8"/>
      </symbol>
      <symbol id="sm-6c9">
         <name>xTimerGetPeriod</name>
         <value>0x43e7</value>
         <object_component_ref idref="oc-e8"/>
      </symbol>
      <symbol id="sm-6ca">
         <name>xTimerGetReloadMode</name>
         <value>0x4457</value>
         <object_component_ref idref="oc-e8"/>
      </symbol>
      <symbol id="sm-6cb">
         <name>xTimerCreate</name>
         <value>0x42a7</value>
         <object_component_ref idref="oc-e8"/>
      </symbol>
      <symbol id="sm-6cc">
         <name>vTimerSetReloadMode</name>
         <value>0x440d</value>
         <object_component_ref idref="oc-e8"/>
      </symbol>
      <symbol id="sm-6cd">
         <name>xTimerGenericCommand</name>
         <value>0x4345</value>
         <object_component_ref idref="oc-e8"/>
      </symbol>
      <symbol id="sm-6ce">
         <name>uxTimerGetReloadMode</name>
         <value>0x4493</value>
         <object_component_ref idref="oc-e8"/>
      </symbol>
      <symbol id="sm-6cf">
         <name>pvTimerGetTimerID</name>
         <value>0x4931</value>
         <object_component_ref idref="oc-e8"/>
      </symbol>
      <symbol id="sm-6d0">
         <name>xTimerPendFunctionCallFromISR</name>
         <value>0x498d</value>
         <object_component_ref idref="oc-e8"/>
      </symbol>
      <symbol id="sm-6d1">
         <name>xTimerPendFunctionCall</name>
         <value>0x49c3</value>
         <object_component_ref idref="oc-e8"/>
      </symbol>
      <symbol id="sm-6d2">
         <name>vTimerSetTimerID</name>
         <value>0x495f</value>
         <object_component_ref idref="oc-e8"/>
      </symbol>
      <symbol id="sm-722">
         <name>ulMaxSyscallInterruptPriority</name>
         <value>0x5cec</value>
         <object_component_ref idref="oc-82"/>
      </symbol>
      <symbol id="sm-723">
         <name>vPortSetupTimerInterrupt</name>
         <value>0x5121</value>
         <object_component_ref idref="oc-32"/>
      </symbol>
      <symbol id="sm-724">
         <name>vPortEndScheduler</name>
         <value>0x5069</value>
         <object_component_ref idref="oc-32"/>
      </symbol>
      <symbol id="sm-725">
         <name>xPortSysTickHandler</name>
         <value>0x50fb</value>
         <object_component_ref idref="oc-32"/>
      </symbol>
      <symbol id="sm-726">
         <name>vPortValidateInterruptPriority</name>
         <value>0x513d</value>
         <object_component_ref idref="oc-32"/>
      </symbol>
      <symbol id="sm-727">
         <name>pxPortInitialiseStack</name>
         <value>0x4f25</value>
         <object_component_ref idref="oc-32"/>
      </symbol>
      <symbol id="sm-728">
         <name>vPortExitCritical</name>
         <value>0x50cf</value>
         <object_component_ref idref="oc-32"/>
      </symbol>
      <symbol id="sm-729">
         <name>xPortStartScheduler</name>
         <value>0x4fb1</value>
         <object_component_ref idref="oc-32"/>
      </symbol>
      <symbol id="sm-72a">
         <name>vPortEnterCritical</name>
         <value>0x508d</value>
         <object_component_ref idref="oc-32"/>
      </symbol>
      <symbol id="sm-739">
         <name>vPortStartFirstTask</name>
         <value>0x574d</value>
         <object_component_ref idref="oc-2d"/>
      </symbol>
      <symbol id="sm-73a">
         <name>ulPortGetIPSR</name>
         <value>0x56b5</value>
         <object_component_ref idref="oc-2d"/>
      </symbol>
      <symbol id="sm-73b">
         <name>vPortEnableVFP</name>
         <value>0x5771</value>
         <object_component_ref idref="oc-2d"/>
      </symbol>
      <symbol id="sm-73c">
         <name>xPortPendSVHandler</name>
         <value>0x56cd</value>
         <object_component_ref idref="oc-2d"/>
      </symbol>
      <symbol id="sm-73d">
         <name>vPortSVCHandler</name>
         <value>0x572d</value>
         <object_component_ref idref="oc-2d"/>
      </symbol>
      <symbol id="sm-767">
         <name>vPortInitialiseBlocks</name>
         <value>0x5905</value>
         <object_component_ref idref="oc-13c"/>
      </symbol>
      <symbol id="sm-768">
         <name>xPortGetFreeHeapSize</name>
         <value>0x590d</value>
         <object_component_ref idref="oc-13c"/>
      </symbol>
      <symbol id="sm-769">
         <name>pvPortMalloc</name>
         <value>0x5855</value>
         <object_component_ref idref="oc-13c"/>
      </symbol>
      <symbol id="sm-76a">
         <name>vPortFree</name>
         <value>0x58e1</value>
         <object_component_ref idref="oc-13c"/>
      </symbol>
      <symbol id="sm-777">
         <name>ADC_to_Temperature</name>
         <value>0x5bfd</value>
         <object_component_ref idref="oc-d3"/>
      </symbol>
      <symbol id="sm-792">
         <name>ADC_Init</name>
         <value>0x5781</value>
         <object_component_ref idref="oc-be"/>
      </symbol>
      <symbol id="sm-793">
         <name>ADC_Read</name>
         <value>0x57f5</value>
         <object_component_ref idref="oc-be"/>
      </symbol>
      <symbol id="sm-7bf">
         <name>GPIO_SW1GetState</name>
         <value>0x52b5</value>
         <object_component_ref idref="oc-b2"/>
      </symbol>
      <symbol id="sm-7c0">
         <name>GPIO_GreenLedOn</name>
         <value>0x5261</value>
         <object_component_ref idref="oc-b2"/>
      </symbol>
      <symbol id="sm-7c1">
         <name>GPIO_BlueLedToggle</name>
         <value>0x529d</value>
         <object_component_ref idref="oc-b2"/>
      </symbol>
      <symbol id="sm-7c2">
         <name>GPIO_SW2GetState</name>
         <value>0x52bf</value>
         <object_component_ref idref="oc-b2"/>
      </symbol>
      <symbol id="sm-7c3">
         <name>GPIO_SW2EdgeTriggeredInterruptInit</name>
         <value>0x5317</value>
         <object_component_ref idref="oc-b2"/>
      </symbol>
      <symbol id="sm-7c4">
         <name>GPIO_BuiltinButtonsLedsInit</name>
         <value>0x51d5</value>
         <object_component_ref idref="oc-b2"/>
      </symbol>
      <symbol id="sm-7c5">
         <name>GPIO_RedLedToggle</name>
         <value>0x5291</value>
         <object_component_ref idref="oc-b2"/>
      </symbol>
      <symbol id="sm-7c6">
         <name>GPIO_BlueLedOff</name>
         <value>0x5279</value>
         <object_component_ref idref="oc-b2"/>
      </symbol>
      <symbol id="sm-7c7">
         <name>GPIO_SW1EdgeTriggeredInterruptInit</name>
         <value>0x52c9</value>
         <object_component_ref idref="oc-b2"/>
      </symbol>
      <symbol id="sm-7c8">
         <name>GPIO_GreenLedOff</name>
         <value>0x5285</value>
         <object_component_ref idref="oc-b2"/>
      </symbol>
      <symbol id="sm-7c9">
         <name>GPIO_GreenLedToggle</name>
         <value>0x52a9</value>
         <object_component_ref idref="oc-b2"/>
      </symbol>
      <symbol id="sm-7ca">
         <name>GPIO_RedLedOff</name>
         <value>0x526d</value>
         <object_component_ref idref="oc-b2"/>
      </symbol>
      <symbol id="sm-7cb">
         <name>GPIO_BlueLedOn</name>
         <value>0x5255</value>
         <object_component_ref idref="oc-b2"/>
      </symbol>
      <symbol id="sm-7cc">
         <name>GPIO_RedLedOn</name>
         <value>0x5249</value>
         <object_component_ref idref="oc-b2"/>
      </symbol>
      <symbol id="sm-7de">
         <name>GPTM_WTimer0Init</name>
         <value>0x5ba9</value>
         <object_component_ref idref="oc-b8"/>
      </symbol>
      <symbol id="sm-7df">
         <name>GPTM_WTimer0Read</name>
         <value>0x5bd9</value>
         <object_component_ref idref="oc-b8"/>
      </symbol>
      <symbol id="sm-80d">
         <name>UART0_SendInteger</name>
         <value>0x5499</value>
         <object_component_ref idref="oc-ac"/>
      </symbol>
      <symbol id="sm-80e">
         <name>UART0_ReceiveByte</name>
         <value>0x5463</value>
         <object_component_ref idref="oc-ac"/>
      </symbol>
      <symbol id="sm-80f">
         <name>UART0_SendByte</name>
         <value>0x5447</value>
         <object_component_ref idref="oc-ac"/>
      </symbol>
      <symbol id="sm-810">
         <name>UART0_Init</name>
         <value>0x5407</value>
         <object_component_ref idref="oc-ac"/>
      </symbol>
      <symbol id="sm-811">
         <name>UART0_SendString</name>
         <value>0x5473</value>
         <object_component_ref idref="oc-ac"/>
      </symbol>
      <symbol id="sm-82c">
         <name>memcpy</name>
         <value>0x5925</value>
         <object_component_ref idref="oc-4c"/>
      </symbol>
      <symbol id="sm-82d">
         <name>__aeabi_memcpy</name>
         <value>0x5925</value>
         <object_component_ref idref="oc-4c"/>
      </symbol>
      <symbol id="sm-82e">
         <name>__aeabi_memcpy8</name>
         <value>0x5925</value>
         <object_component_ref idref="oc-4c"/>
      </symbol>
      <symbol id="sm-82f">
         <name>__aeabi_memcpy4</name>
         <value>0x5925</value>
         <object_component_ref idref="oc-4c"/>
      </symbol>
      <symbol id="sm-83e">
         <name>__aeabi_memset</name>
         <value>0x5a59</value>
         <object_component_ref idref="oc-11a"/>
      </symbol>
      <symbol id="sm-83f">
         <name>memset</name>
         <value>0x5a5f</value>
         <object_component_ref idref="oc-11a"/>
      </symbol>
      <symbol id="sm-840">
         <name>__aeabi_memset8</name>
         <value>0x5a59</value>
         <object_component_ref idref="oc-11a"/>
      </symbol>
      <symbol id="sm-841">
         <name>__aeabi_memset4</name>
         <value>0x5a59</value>
         <object_component_ref idref="oc-11a"/>
      </symbol>
      <symbol id="sm-842">
         <name>__aeabi_memclr8</name>
         <value>0x5a57</value>
         <object_component_ref idref="oc-11a"/>
      </symbol>
      <symbol id="sm-843">
         <name>__aeabi_memclr4</name>
         <value>0x5a57</value>
         <object_component_ref idref="oc-11a"/>
      </symbol>
      <symbol id="sm-844">
         <name>__aeabi_memclr</name>
         <value>0x5a57</value>
         <object_component_ref idref="oc-11a"/>
      </symbol>
      <symbol id="sm-852">
         <name>__aeabi_ldivmod</name>
         <value>0x5ad1</value>
         <object_component_ref idref="oc-193"/>
      </symbol>
      <symbol id="sm-85f">
         <name>__aeabi_uldivmod</name>
         <value>0x59c1</value>
         <object_component_ref idref="oc-259"/>
      </symbol>
      <symbol id="sm-876">
         <name>__TI_zero_init</name>
         <value>0x5ccb</value>
         <object_component_ref idref="oc-5e"/>
      </symbol>
      <symbol id="sm-88d">
         <name>__TI_decompress_none</name>
         <value>0x5cbd</value>
         <object_component_ref idref="oc-1b"/>
      </symbol>
      <symbol id="sm-8b0">
         <name>__TI_decompress_lzss</name>
         <value>0x5b3f</value>
         <object_component_ref idref="oc-15"/>
      </symbol>
      <symbol id="sm-8c3">
         <name>__stack</name>
         <value>0x20001df0</value>
         <object_component_ref idref="oc-24"/>
      </symbol>
      <symbol id="sm-8c4">
         <name>_c_int00_noargs</name>
         <value>0x5c89</value>
         <object_component_ref idref="oc-6a"/>
      </symbol>
      <symbol id="sm-8ce">
         <name>__aeabi_idiv0</name>
         <value>0x34bb</value>
         <object_component_ref idref="oc-254"/>
      </symbol>
      <symbol id="sm-8cf">
         <name>__aeabi_ldiv0</name>
         <value>0x34bb</value>
         <object_component_ref idref="oc-254"/>
      </symbol>
      <symbol id="sm-8f7">
         <name>__TI_auto_init_nobinit_nopinit</name>
         <value>0x5c45</value>
         <object_component_ref idref="oc-1e9"/>
      </symbol>
      <symbol id="sm-901">
         <name>_system_pre_init</name>
         <value>0x5ce3</value>
         <object_component_ref idref="oc-120"/>
      </symbol>
      <symbol id="sm-90d">
         <name>C$$EXIT</name>
         <value>0x5ce7</value>
         <object_component_ref idref="oc-1dd"/>
      </symbol>
      <symbol id="sm-90e">
         <name>abort</name>
         <value>0x5ce7</value>
         <object_component_ref idref="oc-1dd"/>
      </symbol>
      <symbol id="sm-911">
         <name>__TI_static_base__</name>
         <value>0x0</value>
      </symbol>
      <symbol id="sm-914">
         <name>__mpu_init</name>
         <value>0x0</value>
      </symbol>
      <symbol id="sm-915">
         <name>_system_post_cinit</name>
         <value>0x0</value>
      </symbol>
   </symbol_table>
   <title>Link successful</title>
</link_info>
